benchmark_case=scheduler
mode=StackPool+多槽
build_type=Release
compiler=11.4.0
boost_version=1_74
guard_pages_enabled=0
logical_cpu=10
worker_threads=4
tasks=50000
enqueue_ns_per_task=51.816
execute_ns_per_task=73.797
tasks_per_sec=13550645.946
checksum=1250025000
correctness=PASS
benchmark_case=scheduler
mode=StackPool+多槽
build_type=Release
compiler=11.4.0
boost_version=1_74
guard_pages_enabled=0
logical_cpu=10
worker_threads=4
tasks=50000
enqueue_ns_per_task=51.401
execute_ns_per_task=86.497
tasks_per_sec=11561153.415
checksum=1250025000
correctness=PASS
benchmark_case=scheduler
mode=StackPool+多槽
build_type=Release
compiler=11.4.0
boost_version=1_74
guard_pages_enabled=0
logical_cpu=8
worker_threads=4
tasks=50000
enqueue_ns_per_task=50.915
execute_ns_per_task=78.432
tasks_per_sec=12749907.754
checksum=1250025000
correctness=PASS
benchmark_case=scheduler
mode=StackPool+多槽
build_type=Release
compiler=11.4.0
boost_version=1_74
guard_pages_enabled=0
logical_cpu=3
worker_threads=4
tasks=50000
enqueue_ns_per_task=65.988
execute_ns_per_task=93.134
tasks_per_sec=10737217.343
checksum=1250025000
correctness=PASS
benchmark_case=scheduler
mode=StackPool+多槽
build_type=Release
compiler=11.4.0
boost_version=1_74
guard_pages_enabled=0
logical_cpu=2
worker_threads=4
tasks=50000
enqueue_ns_per_task=58.800
execute_ns_per_task=81.950
tasks_per_sec=12202544.670
checksum=1250025000
correctness=PASS
