benchmark_case=hook-echo
mode=Direct+单槽
build_type=Release
compiler=11.4.0
boost_version=1_74
guard_pages_enabled=0
logical_cpu=4
worker_threads=4
connections=100
payload_bytes=64
round_trips_per_connection=20
echo_requests=2000
completion_wall_ms=97.826
connections_per_sec=1022.227
echo_requests_per_sec=20444.536
failures=0
client_socket_failures=0
client_connect_failures=0
client_send_failures=0
client_receive_failures=0
client_mismatch_failures=0
server_accept_failures=0
accepted_nonblocking_sockets=0
server_receive_failures=0
server_receive_errno=-1
server_send_failures=0
correctness=PASS
benchmark_case=hook-echo
mode=Direct+单槽
build_type=Release
compiler=11.4.0
boost_version=1_74
guard_pages_enabled=0
logical_cpu=10
worker_threads=4
connections=100
payload_bytes=64
round_trips_per_connection=20
echo_requests=2000
completion_wall_ms=83.114
connections_per_sec=1203.172
echo_requests_per_sec=24063.450
failures=0
client_socket_failures=0
client_connect_failures=0
client_send_failures=0
client_receive_failures=0
client_mismatch_failures=0
server_accept_failures=0
accepted_nonblocking_sockets=0
server_receive_failures=0
server_receive_errno=-1
server_send_failures=0
correctness=PASS
benchmark_case=hook-echo
mode=Direct+单槽
build_type=Release
compiler=11.4.0
boost_version=1_74
guard_pages_enabled=0
logical_cpu=8
worker_threads=4
connections=100
payload_bytes=64
round_trips_per_connection=20
echo_requests=2000
completion_wall_ms=65.291
connections_per_sec=1531.603
echo_requests_per_sec=30632.070
failures=0
client_socket_failures=0
client_connect_failures=0
client_send_failures=0
client_receive_failures=0
client_mismatch_failures=0
server_accept_failures=0
accepted_nonblocking_sockets=0
server_receive_failures=0
server_receive_errno=-1
server_send_failures=0
correctness=PASS
benchmark_case=hook-echo
mode=Direct+单槽
build_type=Release
compiler=11.4.0
boost_version=1_74
guard_pages_enabled=0
logical_cpu=10
worker_threads=4
connections=100
payload_bytes=64
round_trips_per_connection=20
echo_requests=2000
completion_wall_ms=80.087
connections_per_sec=1248.640
echo_requests_per_sec=24972.802
failures=0
client_socket_failures=0
client_connect_failures=0
client_send_failures=0
client_receive_failures=0
client_mismatch_failures=0
server_accept_failures=0
accepted_nonblocking_sockets=0
server_receive_failures=0
server_receive_errno=-1
server_send_failures=0
correctness=PASS
benchmark_case=hook-echo
mode=Direct+单槽
build_type=Release
compiler=11.4.0
boost_version=1_74
guard_pages_enabled=0
logical_cpu=8
worker_threads=4
connections=100
payload_bytes=64
round_trips_per_connection=20
echo_requests=2000
completion_wall_ms=63.415
connections_per_sec=1576.909
echo_requests_per_sec=31538.171
failures=0
client_socket_failures=0
client_connect_failures=0
client_send_failures=0
client_receive_failures=0
client_mismatch_failures=0
server_accept_failures=0
accepted_nonblocking_sockets=0
server_receive_failures=0
server_receive_errno=-1
server_send_failures=0
correctness=PASS
