benchmark_case=context
mode=Direct+单槽
build_type=Release
compiler=11.4.0
boost_version=1_74
guard_pages_enabled=0
logical_cpu=0
worker_threads=1
iterations=1000000
context_transfers=2000002
clock_pair_overhead_ns=10
elapsed_ns=33721787
ns_per_transfer=16.861
transfers_per_sec=59308897.242
correctness=PASS
benchmark_case=context
mode=Direct+单槽
build_type=Release
compiler=11.4.0
boost_version=1_74
guard_pages_enabled=0
logical_cpu=0
worker_threads=1
iterations=1000000
context_transfers=2000002
clock_pair_overhead_ns=10
elapsed_ns=34476308
ns_per_transfer=17.238
transfers_per_sec=58010909.985
correctness=PASS
benchmark_case=context
mode=Direct+单槽
build_type=Release
compiler=11.4.0
boost_version=1_74
guard_pages_enabled=0
logical_cpu=0
worker_threads=1
iterations=1000000
context_transfers=2000002
clock_pair_overhead_ns=10
elapsed_ns=32806209
ns_per_transfer=16.403
transfers_per_sec=60964130.296
correctness=PASS
benchmark_case=context
mode=Direct+单槽
build_type=Release
compiler=11.4.0
boost_version=1_74
guard_pages_enabled=0
logical_cpu=0
worker_threads=1
iterations=1000000
context_transfers=2000002
clock_pair_overhead_ns=10
elapsed_ns=32671539
ns_per_transfer=16.336
transfers_per_sec=61215420.553
correctness=PASS
benchmark_case=context
mode=Direct+单槽
build_type=Release
compiler=11.4.0
boost_version=1_74
guard_pages_enabled=0
logical_cpu=0
worker_threads=1
iterations=1000000
context_transfers=2000002
clock_pair_overhead_ns=10
elapsed_ns=33298639
ns_per_transfer=16.649
transfers_per_sec=60062574.930
correctness=PASS
