benchmark_case=hook-echo
mode=Direct+单槽
build_type=Release
compiler=11.4.0
boost_version=1_74
guard_pages_enabled=0
logical_cpu=10
worker_threads=4
connections=100
payload_bytes=64
round_trips_per_connection=20
echo_requests=2000
completion_wall_ms=22.340
connections_per_sec=4476.230
echo_requests_per_sec=89524.605
failures=0
client_socket_failures=0
client_connect_failures=0
client_send_failures=0
client_receive_failures=0
client_mismatch_failures=0
server_accept_failures=0
accepted_nonblocking_sockets=0
server_receive_failures=0
server_receive_errno=-1
server_send_failures=0
correctness=PASS
benchmark_case=hook-echo
mode=Direct+单槽
build_type=Release
compiler=11.4.0
boost_version=1_74
guard_pages_enabled=0
logical_cpu=10
worker_threads=4
connections=100
payload_bytes=64
round_trips_per_connection=20
echo_requests=2000
completion_wall_ms=20.695
connections_per_sec=4832.174
echo_requests_per_sec=96643.475
failures=0
client_socket_failures=0
client_connect_failures=0
client_send_failures=0
client_receive_failures=0
client_mismatch_failures=0
server_accept_failures=0
accepted_nonblocking_sockets=0
server_receive_failures=0
server_receive_errno=-1
server_send_failures=0
correctness=PASS
benchmark_case=hook-echo
mode=Direct+单槽
build_type=Release
compiler=11.4.0
boost_version=1_74
guard_pages_enabled=0
logical_cpu=10
worker_threads=4
connections=100
payload_bytes=64
round_trips_per_connection=20
echo_requests=2000
completion_wall_ms=26.650
connections_per_sec=3752.303
echo_requests_per_sec=75046.060
failures=0
client_socket_failures=0
client_connect_failures=0
client_send_failures=0
client_receive_failures=0
client_mismatch_failures=0
server_accept_failures=0
accepted_nonblocking_sockets=0
server_receive_failures=0
server_receive_errno=-1
server_send_failures=0
correctness=PASS
benchmark_case=hook-echo
mode=Direct+单槽
build_type=Release
compiler=11.4.0
boost_version=1_74
guard_pages_enabled=0
logical_cpu=1
worker_threads=4
connections=100
payload_bytes=64
round_trips_per_connection=20
echo_requests=2000
completion_wall_ms=16.980
connections_per_sec=5889.443
echo_requests_per_sec=117788.863
failures=0
client_socket_failures=0
client_connect_failures=0
client_send_failures=0
client_receive_failures=0
client_mismatch_failures=0
server_accept_failures=0
accepted_nonblocking_sockets=0
server_receive_failures=0
server_receive_errno=-1
server_send_failures=0
correctness=PASS
benchmark_case=hook-echo
mode=Direct+单槽
build_type=Release
compiler=11.4.0
boost_version=1_74
guard_pages_enabled=0
logical_cpu=10
worker_threads=4
connections=100
payload_bytes=64
round_trips_per_connection=20
echo_requests=2000
completion_wall_ms=18.598
connections_per_sec=5376.963
echo_requests_per_sec=107539.266
failures=0
client_socket_failures=0
client_connect_failures=0
client_send_failures=0
client_receive_failures=0
client_mismatch_failures=0
server_accept_failures=0
accepted_nonblocking_sockets=0
server_receive_failures=0
server_receive_errno=-1
server_send_failures=0
correctness=PASS
