benchmark_case=context
mode=Direct+单槽
build_type=Release
compiler=11.4.0
boost_version=1_74
guard_pages_enabled=0
logical_cpu=0
worker_threads=1
iterations=1000000
context_transfers=2000002
clock_pair_overhead_ns=10
elapsed_ns=31666889
ns_per_transfer=15.833
transfers_per_sec=63157514.463
correctness=PASS
benchmark_case=context
mode=Direct+单槽
build_type=Release
compiler=11.4.0
boost_version=1_74
guard_pages_enabled=0
logical_cpu=0
worker_threads=1
iterations=1000000
context_transfers=2000002
clock_pair_overhead_ns=10
elapsed_ns=35926560
ns_per_transfer=17.963
transfers_per_sec=55669176.231
correctness=PASS
benchmark_case=context
mode=Direct+单槽
build_type=Release
compiler=11.4.0
boost_version=1_74
guard_pages_enabled=0
logical_cpu=0
worker_threads=1
iterations=1000000
context_transfers=2000002
clock_pair_overhead_ns=10
elapsed_ns=30625020
ns_per_transfer=15.312
transfers_per_sec=65306145.106
correctness=PASS
benchmark_case=context
mode=Direct+单槽
build_type=Release
compiler=11.4.0
boost_version=1_74
guard_pages_enabled=0
logical_cpu=0
worker_threads=1
iterations=1000000
context_transfers=2000002
clock_pair_overhead_ns=10
elapsed_ns=32052955
ns_per_transfer=16.026
transfers_per_sec=62396805.536
correctness=PASS
benchmark_case=context
mode=Direct+单槽
build_type=Release
compiler=11.4.0
boost_version=1_74
guard_pages_enabled=0
logical_cpu=0
worker_threads=1
iterations=1000000
context_transfers=2000002
clock_pair_overhead_ns=10
elapsed_ns=32448291
ns_per_transfer=16.224
transfers_per_sec=61636589.736
correctness=PASS
