benchmark_case=scheduler
mode=StackPool+多槽
build_type=Release
compiler=11.4.0
boost_version=1_74
guard_pages_enabled=0
logical_cpu=6
worker_threads=4
tasks=50000
enqueue_ns_per_task=40.198
execute_ns_per_task=70.476
tasks_per_sec=14189275.859
checksum=1250025000
correctness=PASS
benchmark_case=scheduler
mode=StackPool+多槽
build_type=Release
compiler=11.4.0
boost_version=1_74
guard_pages_enabled=0
logical_cpu=2
worker_threads=4
tasks=50000
enqueue_ns_per_task=34.815
execute_ns_per_task=68.847
tasks_per_sec=14524944.268
checksum=1250025000
correctness=PASS
benchmark_case=scheduler
mode=StackPool+多槽
build_type=Release
compiler=11.4.0
boost_version=1_74
guard_pages_enabled=0
logical_cpu=8
worker_threads=4
tasks=50000
enqueue_ns_per_task=34.468
execute_ns_per_task=65.080
tasks_per_sec=15365760.415
checksum=1250025000
correctness=PASS
benchmark_case=scheduler
mode=StackPool+多槽
build_type=Release
compiler=11.4.0
boost_version=1_74
guard_pages_enabled=0
logical_cpu=0
worker_threads=4
tasks=50000
enqueue_ns_per_task=39.317
execute_ns_per_task=64.425
tasks_per_sec=15521953.630
checksum=1250025000
correctness=PASS
benchmark_case=scheduler
mode=StackPool+多槽
build_type=Release
compiler=11.4.0
boost_version=1_74
guard_pages_enabled=0
logical_cpu=10
worker_threads=4
tasks=50000
enqueue_ns_per_task=32.376
execute_ns_per_task=68.728
tasks_per_sec=14550152.922
checksum=1250025000
correctness=PASS
