benchmark_case=context
mode=Direct+单槽
build_type=Release
compiler=11.4.0
boost_version=1_74
guard_pages_enabled=0
logical_cpu=0
worker_threads=1
iterations=1000000
context_transfers=2000002
clock_pair_overhead_ns=10
elapsed_ns=28915201
ns_per_transfer=14.458
transfers_per_sec=69167840.127
correctness=PASS
benchmark_case=context
mode=Direct+单槽
build_type=Release
compiler=11.4.0
boost_version=1_74
guard_pages_enabled=0
logical_cpu=0
worker_threads=1
iterations=1000000
context_transfers=2000002
clock_pair_overhead_ns=10
elapsed_ns=29581260
ns_per_transfer=14.791
transfers_per_sec=67610439.853
correctness=PASS
benchmark_case=context
mode=Direct+单槽
build_type=Release
compiler=11.4.0
boost_version=1_74
guard_pages_enabled=0
logical_cpu=0
worker_threads=1
iterations=1000000
context_transfers=2000002
clock_pair_overhead_ns=10
elapsed_ns=32986373
ns_per_transfer=16.493
transfers_per_sec=60631158.206
correctness=PASS
benchmark_case=context
mode=Direct+单槽
build_type=Release
compiler=11.4.0
boost_version=1_74
guard_pages_enabled=0
logical_cpu=0
worker_threads=1
iterations=1000000
context_transfers=2000002
clock_pair_overhead_ns=10
elapsed_ns=33218854
ns_per_transfer=16.609
transfers_per_sec=60206833.144
correctness=PASS
benchmark_case=context
mode=Direct+单槽
build_type=Release
compiler=11.4.0
boost_version=1_74
guard_pages_enabled=0
logical_cpu=0
worker_threads=1
iterations=1000000
context_transfers=2000002
clock_pair_overhead_ns=10
elapsed_ns=27457148
ns_per_transfer=13.729
transfers_per_sec=72840850.040
correctness=PASS
