benchmark_case=scheduler
mode=StackPool+多槽
build_type=Release
compiler=11.4.0
boost_version=1_74
guard_pages_enabled=0
logical_cpu=6
worker_threads=4
tasks=50000
enqueue_ns_per_task=37.821
execute_ns_per_task=74.311
tasks_per_sec=13456867.376
checksum=1250025000
correctness=PASS
benchmark_case=scheduler
mode=StackPool+多槽
build_type=Release
compiler=11.4.0
boost_version=1_74
guard_pages_enabled=0
logical_cpu=6
worker_threads=4
tasks=50000
enqueue_ns_per_task=30.609
execute_ns_per_task=74.229
tasks_per_sec=13471852.719
checksum=1250025000
correctness=PASS
benchmark_case=scheduler
mode=StackPool+多槽
build_type=Release
compiler=11.4.0
boost_version=1_74
guard_pages_enabled=0
logical_cpu=6
worker_threads=4
tasks=50000
enqueue_ns_per_task=31.744
execute_ns_per_task=71.739
tasks_per_sec=13939516.438
checksum=1250025000
correctness=PASS
benchmark_case=scheduler
mode=StackPool+多槽
build_type=Release
compiler=11.4.0
boost_version=1_74
guard_pages_enabled=0
logical_cpu=4
worker_threads=4
tasks=50000
enqueue_ns_per_task=31.489
execute_ns_per_task=72.086
tasks_per_sec=13872288.384
checksum=1250025000
correctness=PASS
benchmark_case=scheduler
mode=StackPool+多槽
build_type=Release
compiler=11.4.0
boost_version=1_74
guard_pages_enabled=0
logical_cpu=4
worker_threads=4
tasks=50000
enqueue_ns_per_task=31.124
execute_ns_per_task=70.945
tasks_per_sec=14095473.718
checksum=1250025000
correctness=PASS
