benchmark_case=hook-echo
mode=Direct+单槽
build_type=Release
compiler=11.4.0
boost_version=1_74
guard_pages_enabled=0
logical_cpu=6
worker_threads=4
connections=100
payload_bytes=64
round_trips_per_connection=20
echo_requests=2000
completion_wall_ms=20.068
connections_per_sec=4983.120
echo_requests_per_sec=99662.399
failures=0
client_socket_failures=0
client_connect_failures=0
client_send_failures=0
client_receive_failures=0
client_mismatch_failures=0
server_accept_failures=0
accepted_nonblocking_sockets=0
server_receive_failures=0
server_receive_errno=-1
server_send_failures=0
correctness=PASS
benchmark_case=hook-echo
mode=Direct+单槽
build_type=Release
compiler=11.4.0
boost_version=1_74
guard_pages_enabled=0
logical_cpu=6
worker_threads=4
connections=100
payload_bytes=64
round_trips_per_connection=20
echo_requests=2000
completion_wall_ms=20.677
connections_per_sec=4836.342
echo_requests_per_sec=96726.836
failures=0
client_socket_failures=0
client_connect_failures=0
client_send_failures=0
client_receive_failures=0
client_mismatch_failures=0
server_accept_failures=0
accepted_nonblocking_sockets=0
server_receive_failures=0
server_receive_errno=-1
server_send_failures=0
correctness=PASS
benchmark_case=hook-echo
mode=Direct+单槽
build_type=Release
compiler=11.4.0
boost_version=1_74
guard_pages_enabled=0
logical_cpu=10
worker_threads=4
connections=100
payload_bytes=64
round_trips_per_connection=20
echo_requests=2000
completion_wall_ms=22.090
connections_per_sec=4526.844
echo_requests_per_sec=90536.877
failures=0
client_socket_failures=0
client_connect_failures=0
client_send_failures=0
client_receive_failures=0
client_mismatch_failures=0
server_accept_failures=0
accepted_nonblocking_sockets=0
server_receive_failures=0
server_receive_errno=-1
server_send_failures=0
correctness=PASS
benchmark_case=hook-echo
mode=Direct+单槽
build_type=Release
compiler=11.4.0
boost_version=1_74
guard_pages_enabled=0
logical_cpu=10
worker_threads=4
connections=100
payload_bytes=64
round_trips_per_connection=20
echo_requests=2000
completion_wall_ms=23.565
connections_per_sec=4243.496
echo_requests_per_sec=84869.914
failures=0
client_socket_failures=0
client_connect_failures=0
client_send_failures=0
client_receive_failures=0
client_mismatch_failures=0
server_accept_failures=0
accepted_nonblocking_sockets=0
server_receive_failures=0
server_receive_errno=-1
server_send_failures=0
correctness=PASS
benchmark_case=hook-echo
mode=Direct+单槽
build_type=Release
compiler=11.4.0
boost_version=1_74
guard_pages_enabled=0
logical_cpu=11
worker_threads=4
connections=100
payload_bytes=64
round_trips_per_connection=20
echo_requests=2000
completion_wall_ms=22.820
connections_per_sec=4382.066
echo_requests_per_sec=87641.324
failures=0
client_socket_failures=0
client_connect_failures=0
client_send_failures=0
client_receive_failures=0
client_mismatch_failures=0
server_accept_failures=0
accepted_nonblocking_sockets=0
server_receive_failures=0
server_receive_errno=-1
server_send_failures=0
correctness=PASS
