benchmark_case=context
mode=Direct+单槽
build_type=Release
compiler=11.4.0
boost_version=1_74
guard_pages_enabled=0
logical_cpu=0
worker_threads=1
iterations=1000000
context_transfers=2000002
clock_pair_overhead_ns=10
elapsed_ns=27624803
ns_per_transfer=13.812
transfers_per_sec=72398778.735
correctness=PASS
benchmark_case=context
mode=Direct+单槽
build_type=Release
compiler=11.4.0
boost_version=1_74
guard_pages_enabled=0
logical_cpu=0
worker_threads=1
iterations=1000000
context_transfers=2000002
clock_pair_overhead_ns=10
elapsed_ns=28200604
ns_per_transfer=14.100
transfers_per_sec=70920537.730
correctness=PASS
benchmark_case=context
mode=Direct+单槽
build_type=Release
compiler=11.4.0
boost_version=1_74
guard_pages_enabled=0
logical_cpu=0
worker_threads=1
iterations=1000000
context_transfers=2000002
clock_pair_overhead_ns=10
elapsed_ns=28976086
ns_per_transfer=14.488
transfers_per_sec=69022503.591
correctness=PASS
benchmark_case=context
mode=Direct+单槽
build_type=Release
compiler=11.4.0
boost_version=1_74
guard_pages_enabled=0
logical_cpu=0
worker_threads=1
iterations=1000000
context_transfers=2000002
clock_pair_overhead_ns=10
elapsed_ns=28013138
ns_per_transfer=14.007
transfers_per_sec=71395143.236
correctness=PASS
benchmark_case=context
mode=Direct+单槽
build_type=Release
compiler=11.4.0
boost_version=1_74
guard_pages_enabled=0
logical_cpu=0
worker_threads=1
iterations=1000000
context_transfers=2000002
clock_pair_overhead_ns=10
elapsed_ns=27539401
ns_per_transfer=13.770
transfers_per_sec=72623293.441
correctness=PASS
