benchmark_case=context
mode=Direct+单槽
build_type=Release
compiler=11.4.0
boost_version=1_74
guard_pages_enabled=0
logical_cpu=0
worker_threads=1
iterations=1000000
context_transfers=2000002
clock_pair_overhead_ns=10
elapsed_ns=29083390
ns_per_transfer=14.542
transfers_per_sec=68767843.088
correctness=PASS
benchmark_case=context
mode=Direct+单槽
build_type=Release
compiler=11.4.0
boost_version=1_74
guard_pages_enabled=0
logical_cpu=0
worker_threads=1
iterations=1000000
context_transfers=2000002
clock_pair_overhead_ns=10
elapsed_ns=28593512
ns_per_transfer=14.297
transfers_per_sec=69946007.332
correctness=PASS
benchmark_case=context
mode=Direct+单槽
build_type=Release
compiler=11.4.0
boost_version=1_74
guard_pages_enabled=0
logical_cpu=0
worker_threads=1
iterations=1000000
context_transfers=2000002
clock_pair_overhead_ns=10
elapsed_ns=36154827
ns_per_transfer=18.077
transfers_per_sec=55317703.498
correctness=PASS
benchmark_case=context
mode=Direct+单槽
build_type=Release
compiler=11.4.0
boost_version=1_74
guard_pages_enabled=0
logical_cpu=0
worker_threads=1
iterations=1000000
context_transfers=2000002
clock_pair_overhead_ns=10
elapsed_ns=27508327
ns_per_transfer=13.754
transfers_per_sec=72705330.281
correctness=PASS
benchmark_case=context
mode=Direct+单槽
build_type=Release
compiler=11.4.0
boost_version=1_74
guard_pages_enabled=0
logical_cpu=0
worker_threads=1
iterations=1000000
context_transfers=2000002
clock_pair_overhead_ns=10
elapsed_ns=29881998
ns_per_transfer=14.941
transfers_per_sec=66929995.779
correctness=PASS
