benchmark_case=hook-echo
mode=Direct+单槽
build_type=Release
compiler=11.4.0
boost_version=1_74
guard_pages_enabled=0
logical_cpu=10
worker_threads=4
connections=100
payload_bytes=64
round_trips_per_connection=20
echo_requests=2000
completion_wall_ms=20.153
connections_per_sec=4962.095
echo_requests_per_sec=99241.901
failures=0
client_socket_failures=0
client_connect_failures=0
client_send_failures=0
client_receive_failures=0
client_mismatch_failures=0
server_accept_failures=0
accepted_nonblocking_sockets=0
server_receive_failures=0
server_receive_errno=-1
server_send_failures=0
correctness=PASS
benchmark_case=hook-echo
mode=Direct+单槽
build_type=Release
compiler=11.4.0
boost_version=1_74
guard_pages_enabled=0
logical_cpu=10
worker_threads=4
connections=100
payload_bytes=64
round_trips_per_connection=20
echo_requests=2000
completion_wall_ms=19.386
connections_per_sec=5158.439
echo_requests_per_sec=103168.772
failures=0
client_socket_failures=0
client_connect_failures=0
client_send_failures=0
client_receive_failures=0
client_mismatch_failures=0
server_accept_failures=0
accepted_nonblocking_sockets=0
server_receive_failures=0
server_receive_errno=-1
server_send_failures=0
correctness=PASS
benchmark_case=hook-echo
mode=Direct+单槽
build_type=Release
compiler=11.4.0
boost_version=1_74
guard_pages_enabled=0
logical_cpu=10
worker_threads=4
connections=100
payload_bytes=64
round_trips_per_connection=20
echo_requests=2000
completion_wall_ms=21.136
connections_per_sec=4731.219
echo_requests_per_sec=94624.384
failures=0
client_socket_failures=0
client_connect_failures=0
client_send_failures=0
client_receive_failures=0
client_mismatch_failures=0
server_accept_failures=0
accepted_nonblocking_sockets=0
server_receive_failures=0
server_receive_errno=-1
server_send_failures=0
correctness=PASS
benchmark_case=hook-echo
mode=Direct+单槽
build_type=Release
compiler=11.4.0
boost_version=1_74
guard_pages_enabled=0
logical_cpu=10
worker_threads=4
connections=100
payload_bytes=64
round_trips_per_connection=20
echo_requests=2000
completion_wall_ms=20.849
connections_per_sec=4796.492
echo_requests_per_sec=95929.850
failures=0
client_socket_failures=0
client_connect_failures=0
client_send_failures=0
client_receive_failures=0
client_mismatch_failures=0
server_accept_failures=0
accepted_nonblocking_sockets=0
server_receive_failures=0
server_receive_errno=-1
server_send_failures=0
correctness=PASS
benchmark_case=hook-echo
mode=Direct+单槽
build_type=Release
compiler=11.4.0
boost_version=1_74
guard_pages_enabled=0
logical_cpu=6
worker_threads=4
connections=100
payload_bytes=64
round_trips_per_connection=20
echo_requests=2000
completion_wall_ms=20.935
connections_per_sec=4776.699
echo_requests_per_sec=95533.982
failures=0
client_socket_failures=0
client_connect_failures=0
client_send_failures=0
client_receive_failures=0
client_mismatch_failures=0
server_accept_failures=0
accepted_nonblocking_sockets=0
server_receive_failures=0
server_receive_errno=-1
server_send_failures=0
correctness=PASS
