benchmark_case=scheduler
mode=StackPool+多槽
build_type=Release
compiler=11.4.0
boost_version=1_74
guard_pages_enabled=0
logical_cpu=10
worker_threads=4
tasks=50000
enqueue_ns_per_task=29.620
execute_ns_per_task=65.000
tasks_per_sec=15384643.787
checksum=1250025000
correctness=PASS
benchmark_case=scheduler
mode=StackPool+多槽
build_type=Release
compiler=11.4.0
boost_version=1_74
guard_pages_enabled=0
logical_cpu=2
worker_threads=4
tasks=50000
enqueue_ns_per_task=34.497
execute_ns_per_task=61.695
tasks_per_sec=16208658.601
checksum=1250025000
correctness=PASS
benchmark_case=scheduler
mode=StackPool+多槽
build_type=Release
compiler=11.4.0
boost_version=1_74
guard_pages_enabled=0
logical_cpu=0
worker_threads=4
tasks=50000
enqueue_ns_per_task=37.208
execute_ns_per_task=64.010
tasks_per_sec=15622500.400
checksum=1250025000
correctness=PASS
benchmark_case=scheduler
mode=StackPool+多槽
build_type=Release
compiler=11.4.0
boost_version=1_74
guard_pages_enabled=0
logical_cpu=8
worker_threads=4
tasks=50000
enqueue_ns_per_task=32.761
execute_ns_per_task=75.066
tasks_per_sec=13321620.964
checksum=1250025000
correctness=PASS
benchmark_case=scheduler
mode=StackPool+多槽
build_type=Release
compiler=11.4.0
boost_version=1_74
guard_pages_enabled=0
logical_cpu=0
worker_threads=4
tasks=50000
enqueue_ns_per_task=31.887
execute_ns_per_task=75.816
tasks_per_sec=13189883.676
checksum=1250025000
correctness=PASS
