benchmark_case=scheduler
mode=StackPool+多槽
build_type=Release
compiler=11.4.0
boost_version=1_74
guard_pages_enabled=0
logical_cpu=10
worker_threads=4
tasks=50000
enqueue_ns_per_task=43.569
execute_ns_per_task=71.488
tasks_per_sec=13988416.472
checksum=1250025000
correctness=PASS
benchmark_case=scheduler
mode=StackPool+多槽
build_type=Release
compiler=11.4.0
boost_version=1_74
guard_pages_enabled=0
logical_cpu=10
worker_threads=4
tasks=50000
enqueue_ns_per_task=29.194
execute_ns_per_task=65.702
tasks_per_sec=15220162.697
checksum=1250025000
correctness=PASS
benchmark_case=scheduler
mode=StackPool+多槽
build_type=Release
compiler=11.4.0
boost_version=1_74
guard_pages_enabled=0
logical_cpu=2
worker_threads=4
tasks=50000
enqueue_ns_per_task=30.689
execute_ns_per_task=66.867
tasks_per_sec=14955019.787
checksum=1250025000
correctness=PASS
benchmark_case=scheduler
mode=StackPool+多槽
build_type=Release
compiler=11.4.0
boost_version=1_74
guard_pages_enabled=0
logical_cpu=0
worker_threads=4
tasks=50000
enqueue_ns_per_task=30.344
execute_ns_per_task=75.853
tasks_per_sec=13183331.628
checksum=1250025000
correctness=PASS
benchmark_case=scheduler
mode=StackPool+多槽
build_type=Release
compiler=11.4.0
boost_version=1_74
guard_pages_enabled=0
logical_cpu=8
worker_threads=4
tasks=50000
enqueue_ns_per_task=29.150
execute_ns_per_task=73.883
tasks_per_sec=13534968.267
checksum=1250025000
correctness=PASS
