benchmark_case=hook-echo
mode=Direct+单槽
build_type=Release
compiler=11.4.0
boost_version=1_74
guard_pages_enabled=0
logical_cpu=8
worker_threads=4
connections=100
payload_bytes=64
round_trips_per_connection=20
echo_requests=2000
completion_wall_ms=20.319
connections_per_sec=4921.550
echo_requests_per_sec=98431.005
failures=0
client_socket_failures=0
client_connect_failures=0
client_send_failures=0
client_receive_failures=0
client_mismatch_failures=0
server_accept_failures=0
accepted_nonblocking_sockets=0
server_receive_failures=0
server_receive_errno=-1
server_send_failures=0
correctness=PASS
benchmark_case=hook-echo
mode=Direct+单槽
build_type=Release
compiler=11.4.0
boost_version=1_74
guard_pages_enabled=0
logical_cpu=10
worker_threads=4
connections=100
payload_bytes=64
round_trips_per_connection=20
echo_requests=2000
completion_wall_ms=21.339
connections_per_sec=4686.297
echo_requests_per_sec=93725.934
failures=0
client_socket_failures=0
client_connect_failures=0
client_send_failures=0
client_receive_failures=0
client_mismatch_failures=0
server_accept_failures=0
accepted_nonblocking_sockets=0
server_receive_failures=0
server_receive_errno=-1
server_send_failures=0
correctness=PASS
benchmark_case=hook-echo
mode=Direct+单槽
build_type=Release
compiler=11.4.0
boost_version=1_74
guard_pages_enabled=0
logical_cpu=8
worker_threads=4
connections=100
payload_bytes=64
round_trips_per_connection=20
echo_requests=2000
completion_wall_ms=19.385
connections_per_sec=5158.749
echo_requests_per_sec=103174.983
failures=0
client_socket_failures=0
client_connect_failures=0
client_send_failures=0
client_receive_failures=0
client_mismatch_failures=0
server_accept_failures=0
accepted_nonblocking_sockets=0
server_receive_failures=0
server_receive_errno=-1
server_send_failures=0
correctness=PASS
benchmark_case=hook-echo
mode=Direct+单槽
build_type=Release
compiler=11.4.0
boost_version=1_74
guard_pages_enabled=0
logical_cpu=9
worker_threads=4
connections=100
payload_bytes=64
round_trips_per_connection=20
echo_requests=2000
completion_wall_ms=19.737
connections_per_sec=5066.517
echo_requests_per_sec=101330.346
failures=0
client_socket_failures=0
client_connect_failures=0
client_send_failures=0
client_receive_failures=0
client_mismatch_failures=0
server_accept_failures=0
accepted_nonblocking_sockets=0
server_receive_failures=0
server_receive_errno=-1
server_send_failures=0
correctness=PASS
benchmark_case=hook-echo
mode=Direct+单槽
build_type=Release
compiler=11.4.0
boost_version=1_74
guard_pages_enabled=0
logical_cpu=0
worker_threads=4
connections=100
payload_bytes=64
round_trips_per_connection=20
echo_requests=2000
completion_wall_ms=20.222
connections_per_sec=4945.139
echo_requests_per_sec=98902.773
failures=0
client_socket_failures=0
client_connect_failures=0
client_send_failures=0
client_receive_failures=0
client_mismatch_failures=0
server_accept_failures=0
accepted_nonblocking_sockets=0
server_receive_failures=0
server_receive_errno=-1
server_send_failures=0
correctness=PASS
